{"time":"2026-07-06T03:41:51.972Z","body":{"identificador":"FUN1203","contrasena":"vale123"},"usuario":{"id":1,"nombre":"Miguel Pérez","correo":"miguel.perez@vales.cl","codigo":"FUN1203","contrasena":"vale123","rol":"Funcionario","activo":true}}
{"time":"2026-07-06T03:42:11.228Z","body":{"identificador":"ADM1203","contrasena":"admin123"},"usuario":{"id":3,"nombre":"Ana García","correo":"admin@vales.cl","codigo":"ADM1203","contrasena":"admin123","rol":"Administrador","activo":true}}
{"time":"2026-07-06T03:45:10.664Z","body":{"identificador":"ADM1203","contrasena":"adimn123"},"usuario":{"id":3,"nombre":"Ana García","correo":"admin@vales.cl","codigo":"ADM1203","contrasena":"admin123","rol":"Administrador","activo":true}}
{"time":"2026-07-06T03:45:17.820Z","body":{"identificador":"ADM1203","contrasena":"admin123"},"usuario":{"id":3,"nombre":"Ana García","correo":"admin@vales.cl","codigo":"ADM1203","contrasena":"admin123","rol":"Administrador","activo":true}}
{"time":"2026-07-06T03:53:09.127Z","body":{"identificador":"ADM1203","contrasena":"admin123"},"usuario":{"id":3,"nombre":"Ana García","correo":"admin@vales.cl","codigo":"ADM1203","contrasena":"admin123","rol":"Administrador","activo":true}}
{"time":"2026-07-06T03:58:09.665Z","body":{"identificador":"ADM1203","contrasena":"admin123"},"usuario":{"id":3,"nombre":"Administrador Mock","correo":"admin3@vales.cl","codigo":"ADM1203","contrasena":"admin123","rol":"Administrador","activo":true}}
{"time":"2026-07-06T03:58:59.889Z","body":{"identificador":"ADM1203","contrasena":"admin123"},"usuario":{"id":3,"nombre":"Administrador Mock","correo":"admin3@vales.cl","codigo":"ADM1203","contrasena":"admin123","rol":"Administrador","activo":true}}
{"time":"2026-07-06T04:17:45.153Z","body":{"identificador":"ADM1203","contrasena":"admin123"},"usuario":{"id":3,"nombre":"Administrador Mock","correo":"admin3@vales.cl","codigo":"ADM1203","contrasena":"admin123","rol":"Administrador","activo":true}}
{"time":"2026-07-06T04:33:33.222Z","body":{"identificador":"ADM1203","contrasena":"admin1203"},"usuario":{"id":3,"nombre":"Administrador Mock","correo":"admin3@vales.cl","codigo":"ADM1203","contrasena":"admin123","rol":"Administrador","activo":true}}
{"time":"2026-07-06T04:37:21.696Z","body":{"identificador":"ADM1203","contrasena":"admin123"},"usuario":{"id":3,"nombre":"Administrador Mock","correo":"admin3@vales.cl","codigo":"ADM1203","contrasena":"admin123","rol":"Administrador","activo":true}}
{"time":"2026-07-06T04:41:11.139Z","body":{"identificador":"ADM1203","contrasena":"admin123"},"usuario":{"id":3,"nombre":"Administrador Mock","correo":"admin3@vales.cl","codigo":"ADM1203","contrasena":"admin123","rol":"Administrador","activo":true}}
{"time":"2026-07-06T04:55:07.945Z","body":{"identificador":"ADM1203","contrasena":"admin123"},"usuario":{"id":3,"nombre":"Administrador Mock","correo":"admin3@vales.cl","codigo":"ADM1203","contrasena":"admin123","rol":"Administrador","activo":true}}
{"time":"2026-07-06T04:55:40.171Z","body":{"identificador":"ADM001","contrasena":"admin123"}}
{"time":"2026-07-06T04:55:47.797Z","body":{"identificador":"ADM001","contrasena":"admin123"}}
{"time":"2026-07-06T04:56:56.858Z","body":{"identificador":"ADM001","contrasena":"admin123"}}
{"time":"2026-07-06T04:57:11.832Z","body":{"identificador":"ADM001","contrasena":"admin123"}}
{"time":"2026-07-06T04:57:12.479Z","body":{"identificador":"ADM001","contrasena":"admin123"}}
{"time":"2026-07-06T04:58:06.131Z","body":{"identificador":"123456","contrasena":"vale123"}}
{"time":"2026-07-06T05:04:42.963Z","body":{"identificador":"123456","contrasena":"vale123"},"usuario":{"id":1,"nombre":"Lorna Mella","correo":"lmella@valeapp.cl","codigo":"123456","tipo_comensal":"Obrero","turno":"08:00 - 16:00","contrasena":"vale123","rol":"Funcionario","activo":true}}
{"time":"2026-07-06T05:04:57.676Z","body":{"identificador":"ADM1203","contrasena":"admin123"}}
{"time":"2026-07-06T05:05:06.265Z","body":{"identificador":"ADM001","contrasena":"admin123"},"usuario":{"id":7,"nombre":"Benjamín Vilches","correo":"bvilches@valeapp.cl","codigo":"ADM001","tipo_comensal":null,"turno":null,"contrasena":"admin123","rol":"Administrador","activo":true}}
{"time":"2026-07-06T05:09:20.084Z","body":{"identificador":"ADM001","contrasena":"admin123"},"usuario":{"id":7,"nombre":"Benjamín Vilches","correo":"bvilches@valeapp.cl","codigo":"ADM001","tipo_comensal":null,"turno":null,"contrasena":"admin123","rol":"Administrador","activo":true}}
{"time":"2026-07-06T05:57:28.213Z","body":{"identificador":"ADM001","contrasena":"admin123"},"usuario":{"id":7,"nombre":"Benjamín Vilches","correo":"bvilches@valeapp.cl","codigo":"ADM001","tipo_comensal":null,"turno":null,"contrasena":"admin123","rol":"Administrador","activo":true}}
{"time":"2026-07-06T07:11:28.839Z","body":{"identificador":"ADM001","contrasena":"admin123"},"usuario":{"id":7,"nombre":"Benjamín Vilches","correo":"bvilches@valeapp.cl","codigo":"ADM001","id_tipo_comensal":null,"tipo_comensal":null,"turno":null,"contrasena":"admin123","rol":"Administrador","activo":true}}
